04:30:57.992 [ATL-Logging-Thread] INFO  - Organising filesystem

04:30:58.000 [ATL-Logging-Thread] INFO  - ATLauncher Version: 3.4.41.2 [0bfcad260831011900c9333fa692f656cd87c698]

04:30:58.003 [ATL-Logging-Thread] INFO  - App Arguments: ["--working-dir","**USERSDIR**","--no-launcher-update"]

04:30:58.005 [ATL-Logging-Thread] INFO  - JVM Arguments: []

04:30:58.007 [ATL-Logging-Thread] INFO  - Java Version: Java 21 (21.0.12.1)

04:30:58.008 [ATL-Logging-Thread] INFO  - 64 Bit Java: true

04:30:58.008 [ATL-Logging-Thread] INFO  - RAM Available: 31277MB

04:30:58.009 [ATL-Logging-Thread] INFO  - Launcher Directory: **USERSDIR**

04:30:58.082 [ATL-Logging-Thread] INFO  - GPU: Navi 22 [Radeon RX 6700/6700 XT/6750 XT / 6800M/6850M XT] (Advanced Micro Devices, Inc. [AMD/ATI] (0x1002)) unknown 16640MB VRAM

04:30:58.083 [ATL-Logging-Thread] INFO  - GPU: Rembrandt [Radeon 680M] (Advanced Micro Devices, Inc. [AMD/ATI] (0x1002)) unknown 258MB VRAM

04:30:58.177 [ATL-Logging-Thread] INFO  - CPU: AMD Ryzen 9 6900HX with Radeon Graphics 8 cores/16 threads

04:30:58.178 [ATL-Logging-Thread] INFO  - Operating System: Chimera (unknown (unknown) build 7.2.2-0-generic)

04:30:58.179 [ATL-Logging-Thread] INFO  - Bitness: 64

04:30:58.180 [ATL-Logging-Thread] INFO  - Uptime: 30642

04:30:58.184 [ATL-Logging-Thread] INFO  - Manufacturer: Linux

04:30:58.185 [ATL-Logging-Thread] INFO  - Showing splash screen and loading everything

04:30:58.185 [ATL-Logging-Thread] INFO  - Checking for updated files!

04:31:00.041 [ATL-Logging-Thread] INFO  - Finished downloading updated files!

04:31:06.029 [ATL-Logging-Thread] INFO  - Launcher finished loading everything

04:31:06.030 [ATL-Logging-Thread] WARN  - Launcher not setup. Loading Setup Dialog

04:31:06.037 [ATL-Logging-Thread] ERROR - Error on GraphQL query

04:31:06.037 [ATL-Logging-Thread] ERROR - com.apollographql.apollo.exception.ApolloHttpException: HTTP 403 Forbidden

04:31:06.038 [ATL-Logging-Thread] ERROR - 	at com.apollographql.apollo.internal.interceptor.ApolloParseInterceptor.parse(ApolloParseInterceptor.java:108)

04:31:06.040 [ATL-Logging-Thread] ERROR - 	at com.apollographql.apollo.internal.interceptor.ApolloParseInterceptor$1.onResponse(ApolloParseInterceptor.java:53)

04:31:06.041 [ATL-Logging-Thread] ERROR - 	at com.apollographql.apollo.internal.interceptor.ApolloServerInterceptor$executeHttpCall$1.onResponse(ApolloServerInterceptor.kt:114)

04:31:06.042 [ATL-Logging-Thread] ERROR - 	at okhttp3.internal.connection.RealCall$AsyncCall.run(RealCall.kt:519)

04:31:06.043 [ATL-Logging-Thread] ERROR - 	at java.base/java.util.concurrent.ThreadPoolExecutor.runWorker(ThreadPoolExecutor.java:1144)

04:31:06.043 [ATL-Logging-Thread] ERROR - 	at java.base/java.util.concurrent.ThreadPoolExecutor$Worker.run(ThreadPoolExecutor.java:642)

04:31:06.045 [ATL-Logging-Thread] ERROR - 	at java.base/java.lang.Thread.run(Thread.java:1583)

04:31:06.046 [ATL-Logging-Thread] ERROR - com.apollographql.apollo.exception.ApolloHttpException: HTTP 403 Forbidden
	at com.apollographql.apollo.internal.interceptor.ApolloParseInterceptor.parse(ApolloParseInterceptor.java:108)
	at com.apollographql.apollo.internal.interceptor.ApolloParseInterceptor$1.onResponse(ApolloParseInterceptor.java:53)
	at com.apollographql.apollo.internal.interceptor.ApolloServerInterceptor$executeHttpCall$1.onResponse(ApolloServerInterceptor.kt:114)
	at okhttp3.internal.connection.RealCall$AsyncCall.run(RealCall.kt:519)
	at java.base/java.util.concurrent.ThreadPoolExecutor.runWorker(ThreadPoolExecutor.java:1144)
	at java.base/java.util.concurrent.ThreadPoolExecutor$Worker.run(ThreadPoolExecutor.java:642)
	at java.base/java.lang.Thread.run(Thread.java:1583)

04:31:06.047 [ATL-Logging-Thread] ERROR - Error fetching news

04:31:06.047 [ATL-Logging-Thread] ERROR - com.apollographql.apollo.exception.ApolloHttpException: HTTP 403 Forbidden

04:31:06.048 [ATL-Logging-Thread] ERROR - 	at com.apollographql.apollo.internal.interceptor.ApolloParseInterceptor.parse(ApolloParseInterceptor.java:108)

04:31:06.048 [ATL-Logging-Thread] ERROR - 	at com.apollographql.apollo.internal.interceptor.ApolloParseInterceptor$1.onResponse(ApolloParseInterceptor.java:53)

04:31:06.049 [ATL-Logging-Thread] ERROR - 	at com.apollographql.apollo.internal.interceptor.ApolloServerInterceptor$executeHttpCall$1.onResponse(ApolloServerInterceptor.kt:114)

04:31:06.050 [ATL-Logging-Thread] ERROR - 	at okhttp3.internal.connection.RealCall$AsyncCall.run(RealCall.kt:519)

04:31:06.051 [ATL-Logging-Thread] ERROR - 	at java.base/java.util.concurrent.ThreadPoolExecutor.runWorker(ThreadPoolExecutor.java:1144)

04:31:06.052 [ATL-Logging-Thread] ERROR - 	at java.base/java.util.concurrent.ThreadPoolExecutor$Worker.run(ThreadPoolExecutor.java:642)

04:31:06.053 [ATL-Logging-Thread] ERROR - 	at java.base/java.lang.Thread.run(Thread.java:1583)

04:31:06.053 [ATL-Logging-Thread] ERROR - com.apollographql.apollo.exception.ApolloHttpException: HTTP 403 Forbidden
	at com.apollographql.apollo.internal.interceptor.ApolloParseInterceptor.parse(ApolloParseInterceptor.java:108)
	at com.apollographql.apollo.internal.interceptor.ApolloParseInterceptor$1.onResponse(ApolloParseInterceptor.java:53)
	at com.apollographql.apollo.internal.interceptor.ApolloServerInterceptor$executeHttpCall$1.onResponse(ApolloServerInterceptor.kt:114)
	at okhttp3.internal.connection.RealCall$AsyncCall.run(RealCall.kt:519)
	at java.base/java.util.concurrent.ThreadPoolExecutor.runWorker(ThreadPoolExecutor.java:1144)
	at java.base/java.util.concurrent.ThreadPoolExecutor$Worker.run(ThreadPoolExecutor.java:642)
	at java.base/java.lang.Thread.run(Thread.java:1583)

